=== make host-test ===
4
exit=0
=== axnet qemu-diagnostics ===
test result: ok. 234 passed; 0 failed; 0 ignored; 0 measured; 0 filtered out; finished in 0.05s
exit=0
=== axnet default ===
test result: ok. 215 passed; 0 failed; 0 ignored; 0 measured; 0 filtered out; finished in 0.02s
exit=0
=== axdriver_net ===
test result: ok. 7 passed; 0 failed; 0 ignored; 0 measured; 0 filtered out; finished in 0.00s
exit=0
=== axdriver_virtio ===
test result: ok. 16 passed; 0 failed; 0 ignored; 0 measured; 0 filtered out; finished in 0.00s
exit=0
=== virtio-drivers ===
test result: ok. 36 passed; 0 failed; 0 ignored; 0 measured; 0 filtered out; finished in 0.17s
exit=0
=== uart ===
test result: ok. 62 passed; 0 failed; 0 ignored; 0 measured; 0 filtered out; finished in 0.00s
exit=0
=== kernel qemu check ===
    Finished `dev` profile [unoptimized + debuginfo] target(s) in 0.18s
exit=0
=== D1 comparison ===
26
exit=101
=== rustfmt ===
exit=0
=== openspec validate --strict ===
Change 'ms05-qemu-bounded-bidirectional-device-data-plane' is valid
exit=0
=== git diff --check ===
exit=0
=== ms03/ms04 harnesses ===
test result: ok. 33 passed; 0 failed; 0 ignored; 0 measured; 0 filtered out; finished in 0.00s
exit=0
test result: ok. 16 passed; 0 failed; 0 ignored; 0 measured; 0 filtered out; finished in 0.00s
exit=0
