=== 2026-08-15 18:21:17 CMD: cargo check --offline -p starry-kernel --features qemu ===
warning: `/home/daivy/.cargo/config` is deprecated in favor of `config.toml`
  |
  = help: if you need to support cargo 1.38 or earlier, you can symlink `config` to `config.toml`
warning: hiding a lifetime that's elided elsewhere is confusing
   --> crates/virtio-drivers/src/transport/pci/bus.rs:242:25
    |
242 |     pub fn capabilities(&self, device_function: DeviceFunction) -> CapabilityIterator {
    |                         ^^^^^ the lifetime is elided here          ^^^^^^^^^^^^^^^^^^ the same lifetime is hidden here
    |
    = help: the same lifetime is referred to in inconsistent ways, making the signature confusing
    = note: `#[warn(mismatched_lifetime_syntaxes)]` on by default
help: use `'_` for type paths
    |
242 |     pub fn capabilities(&self, device_function: DeviceFunction) -> CapabilityIterator<'_> {
    |                                                                                      ++++

warning: `virtio-drivers` (lib) generated 1 warning (run `cargo fix --lib -p virtio-drivers` to apply 1 suggestion)
warning: unused import: `crate::iface::Route`
 --> crates/smoltcp/src/iface/interface/ipv6.rs:3:5
  |
3 | use crate::iface::Route;
  |     ^^^^^^^^^^^^^^^^^^^
  |
  = note: `#[warn(unused_imports)]` (part of `#[warn(unused)]`) on by default

warning: unused import: `super::fragmentation::PacketAssemblerSet`
  --> crates/smoltcp/src/iface/interface/mod.rs:35:5
   |
35 | use super::fragmentation::PacketAssemblerSet;
   |     ^^^^^^^^^^^^^^^^^^^^^^^^^^^^^^^^^^^^^^^^

warning: unused imports: `IFACE_MAX_PREFIX_COUNT` and `IFACE_MAX_SIXLOWPAN_ADDRESS_CONTEXT_COUNT`
  --> crates/smoltcp/src/iface/interface/mod.rs:42:27
   |
42 |     IFACE_MAX_ADDR_COUNT, IFACE_MAX_PREFIX_COUNT, IFACE_MAX_SIXLOWPAN_ADDRESS_CONTEXT_COUNT,
   |                           ^^^^^^^^^^^^^^^^^^^^^^  ^^^^^^^^^^^^^^^^^^^^^^^^^^^^^^^^^^^^^^^^^

warning: variable does not need to be mutable
   --> crates/smoltcp/src/iface/interface/ipv4.rs:103:13
    |
103 |         let mut ipv4_repr = check!(Ipv4Repr::parse(ipv4_packet, &self.caps.checksum));
    |             ----^^^^^^^^^
    |             |
    |             help: remove this `mut`
    |
    = note: `#[warn(unused_mut)]` (part of `#[warn(unused)]`) on by default

warning: unused variable: `frag`
   --> crates/smoltcp/src/iface/interface/ipv4.rs:101:9
    |
101 |         frag: &'a mut FragmentsBuffer,
    |         ^^^^ help: if this is intentional, prefix it with an underscore: `_frag`
    |
    = note: `#[warn(unused_variables)]` (part of `#[warn(unused)]`) on by default

warning: unused variable: `repr`
    --> crates/smoltcp/src/iface/interface/mod.rs:1274:26
     |
1274 |             IpRepr::Ipv4(repr) => {
     |                          ^^^^ help: if this is intentional, prefix it with an underscore: `_repr`

warning: variable does not need to be mutable
   --> crates/smoltcp/src/socket/dns.rs:247:13
    |
247 |         let mut mdns = MulticastDns::Disabled;
    |             ----^^^^
    |             |
    |             help: remove this `mut`

warning: methods `link_local_ipv6_address` and `mldv2_report_packet` are never used
   --> crates/smoltcp/src/iface/interface/ipv6.rs:173:8
    |
 23 | impl InterfaceInner {
    | ------------------- methods in this implementation
...
173 |     fn link_local_ipv6_address(&self) -> Option<Ipv6Address> {
    |        ^^^^^^^^^^^^^^^^^^^^^^^
...
565 |     pub(super) fn mldv2_report_packet<'any>(
    |                   ^^^^^^^^^^^^^^^^^^^
    |
    = note: `#[warn(dead_code)]` (part of `#[warn(unused)]`) on by default

warning: variant `HopByHopIcmpv6` is never constructed
   --> crates/smoltcp/src/iface/packet.rs:218:5
    |
210 | pub(crate) enum IpPayload<'p> {
    |                 --------- variant in this enum
...
218 |     HopByHopIcmpv6(Ipv6HopByHopRepr<'p>, Icmpv6Repr<'p>),
    |     ^^^^^^^^^^^^^^
    |
    = note: `IpPayload` has a derived impl for the trait `Debug`, but this is intentionally ignored during dead code analysis

warning: method `is_solicited_node_multicast` is never used
   --> crates/smoltcp/src/wire/ipv6.rs:125:8
    |
 80 | pub(crate) trait AddressExt {
    |                  ---------- method in this trait
...
125 |     fn is_solicited_node_multicast(&self) -> bool;
    |        ^^^^^^^^^^^^^^^^^^^^^^^^^^^

warning: method `emit_header` is never used
   --> crates/smoltcp/src/wire/udp.rs:275:19
    |
232 | impl Repr {
    | --------- method in this implementation
...
275 |     pub(crate) fn emit_header<T>(&self, packet: &mut Packet<&mut T>, payload_len: usize)
    |                   ^^^^^^^^^^^

warning: `smoltcp` (lib) generated 11 warnings (run `cargo fix --lib -p smoltcp` to apply 7 suggestions)
warning: unused import: `fixed_queue::MAX_LIVE_TICKETS`
  --> crates/axnet/src/async_rx.rs:23:55
   |
23 |     device::{RxCopyStep, TxReclaimStep, TxSubmitStep, fixed_queue::MAX_LIVE_TICKETS},
   |                                                       ^^^^^^^^^^^^^^^^^^^^^^^^^^^^^
   |
   = note: `#[warn(unused_imports)]` (part of `#[warn(unused)]`) on by default

warning: constant `SUPPRESS` is never used
   --> crates/axnet/src/async_rx.rs:217:15
    |
217 |     pub const SUPPRESS: u64 = 2;
    |               ^^^^^^^^
    |
    = note: `#[warn(dead_code)]` (part of `#[warn(unused)]`) on by default

warning: `axnet-ng` (lib) generated 2 warnings (run `cargo fix --lib -p axnet-ng` to apply 1 suggestion)
    Finished `dev` profile [unoptimized + debuginfo] target(s) in 0.23s
EXIT=0
=== 2026-08-15 18:21:23 CMD: cargo check --offline -p starry-kernel --features lichee-d1 ===
warning: `/home/daivy/.cargo/config` is deprecated in favor of `config.toml`
  |
  = help: if you need to support cargo 1.38 or earlier, you can symlink `config` to `config.toml`
    Checking starry-kernel v0.2.0-preview.2 (/home/daivy/projects/serial/work/StarryOS/kernel)
error[E0432]: unresolved import `axfs`
  --> kernel/src/file/fs.rs:10:5
   |
10 | use axfs::{FS_CONTEXT, FsContext};
   |     ^^^^ use of unresolved module or unlinked crate `axfs`
   |
   = help: if you wanted to use a crate named `axfs`, use `cargo add axfs` to add it to your `Cargo.toml`

error[E0432]: unresolved import `axfs`
 --> kernel/src/pseudofs/dev/loop.rs:7:5
  |
7 | use axfs::FileBackend;
  |     ^^^^ use of unresolved module or unlinked crate `axfs`
  |
  = help: if you wanted to use a crate named `axfs`, use `cargo add axfs` to add it to your `Cargo.toml`

error[E0432]: unresolved import `axfs`
 --> kernel/src/syscall/fs/io.rs:8:5
  |
8 | use axfs::{FS_CONTEXT, FileFlags, OpenOptions};
  |     ^^^^ use of unresolved module or unlinked crate `axfs`
  |
  = help: if you wanted to use a crate named `axfs`, use `cargo add axfs` to add it to your `Cargo.toml`

error[E0432]: unresolved import `axfs`
 --> kernel/src/syscall/fs/memfd.rs:5:5
  |
5 | use axfs::{FS_CONTEXT, OpenOptions};
  |     ^^^^ use of unresolved module or unlinked crate `axfs`
  |
  = help: if you wanted to use a crate named `axfs`, use `cargo add axfs` to add it to your `Cargo.toml`

error[E0432]: unresolved import `axfs`
 --> kernel/src/syscall/fs/mount.rs:4:5
  |
4 | use axfs::FS_CONTEXT;
  |     ^^^^ use of unresolved module or unlinked crate `axfs`
  |
  = help: if you wanted to use a crate named `axfs`, use `cargo add axfs` to add it to your `Cargo.toml`

error[E0432]: unresolved import `axfs`
 --> kernel/src/syscall/fs/stat.rs:4:5
  |
4 | use axfs::FS_CONTEXT;
  |     ^^^^ use of unresolved module or unlinked crate `axfs`
  |
  = help: if you wanted to use a crate named `axfs`, use `cargo add axfs` to add it to your `Cargo.toml`

error[E0432]: unresolved import `axtask::AxTaskExt`
 --> kernel/src/syscall/task/clone.rs:6:14
  |
6 | use axtask::{AxTaskExt, current, spawn_task};
  |              ^^^^^^^^^ no `AxTaskExt` in the root
  |
help: a similar name exists in the module
  |
6 - use axtask::{AxTaskExt, current, spawn_task};
6 + use axtask::{AxTaskRef, current, spawn_task};
  |

error[E0432]: unresolved import `axfs`
 --> kernel/src/syscall/task/execve.rs:5:5
  |
5 | use axfs::FS_CONTEXT;
  |     ^^^^ use of unresolved module or unlinked crate `axfs`
  |
  = help: if you wanted to use a crate named `axfs`, use `cargo add axfs` to add it to your `Cargo.toml`

error[E0432]: unresolved import `axtask::TaskExt`
  --> kernel/src/task/mod.rs:19:14
   |
19 | use axtask::{TaskExt, TaskInner};
   |              ^^^^^^^ no `TaskExt` in the root

error[E0432]: unresolved import `axfs`
  --> kernel/src/file/mod.rs:14:5
   |
14 | use axfs::{FS_CONTEXT, OpenOptions};
   |     ^^^^ use of unresolved module or unlinked crate `axfs`
   |
   = help: if you wanted to use a crate named `axfs`, use `cargo add axfs` to add it to your `Cargo.toml`

error[E0432]: unresolved import `axfs`
 --> kernel/src/mm/aspace/backend/cow.rs:5:5
  |
5 | use axfs::FileBackend;
  |     ^^^^ use of unresolved module or unlinked crate `axfs`
  |
  = help: if you wanted to use a crate named `axfs`, use `cargo add axfs` to add it to your `Cargo.toml`

error[E0432]: unresolved import `axfs`
 --> kernel/src/mm/aspace/backend/file.rs:9:5
  |
9 | use axfs::{CachedFile, FileFlags};
  |     ^^^^ use of unresolved module or unlinked crate `axfs`
  |
  = help: if you wanted to use a crate named `axfs`, use `cargo add axfs` to add it to your `Cargo.toml`

error[E0432]: unresolved import `axfs`
 --> kernel/src/mm/loader.rs:8:5
  |
8 | use axfs::{CachedFile, FS_CONTEXT, FileBackend};
  |     ^^^^ use of unresolved module or unlinked crate `axfs`
  |
  = help: if you wanted to use a crate named `axfs`, use `cargo add axfs` to add it to your `Cargo.toml`

error[E0432]: unresolved import `axfs`
 --> kernel/src/pseudofs/device.rs:5:5
  |
5 | use axfs::CachedFile;
  |     ^^^^ use of unresolved module or unlinked crate `axfs`
  |
  = help: if you wanted to use a crate named `axfs`, use `cargo add axfs` to add it to your `Cargo.toml`

error[E0432]: unresolved import `axfs`
  --> kernel/src/pseudofs/mod.rs:20:5
   |
20 | use axfs::{FS_CONTEXT, FsContext};
   |     ^^^^ use of unresolved module or unlinked crate `axfs`
   |
   = help: if you wanted to use a crate named `axfs`, use `cargo add axfs` to add it to your `Cargo.toml`

error[E0432]: unresolved import `axfs`
  --> kernel/src/syscall/fs/ctl.rs:11:5
   |
11 | use axfs::{FS_CONTEXT, FsContext};
   |     ^^^^ use of unresolved module or unlinked crate `axfs`
   |
   = help: if you wanted to use a crate named `axfs`, use `cargo add axfs` to add it to your `Cargo.toml`

error[E0432]: unresolved import `axfs`
 --> kernel/src/syscall/fs/fd_ops.rs:5:5
  |
5 | use axfs::{FS_CONTEXT, FileBackend, OpenOptions, OpenResult};
  |     ^^^^ use of unresolved module or unlinked crate `axfs`
  |
  = help: if you wanted to use a crate named `axfs`, use `cargo add axfs` to add it to your `Cargo.toml`

error[E0432]: unresolved import `axfs`
 --> kernel/src/syscall/mm/mmap.rs:4:5
  |
4 | use axfs::FileBackend;
  |     ^^^^ use of unresolved module or unlinked crate `axfs`
  |
  = help: if you wanted to use a crate named `axfs`, use `cargo add axfs` to add it to your `Cargo.toml`

error[E0432]: unresolved import `axfs`
 --> kernel/src/syscall/sys.rs:6:5
  |
6 | use axfs::FS_CONTEXT;
  |     ^^^^ use of unresolved module or unlinked crate `axfs`
  |
  = help: if you wanted to use a crate named `axfs`, use `cargo add axfs` to add it to your `Cargo.toml`

error[E0432]: unresolved import `axfs`
 --> kernel/src/syscall/task/clone.rs:4:5
  |
4 | use axfs::FS_CONTEXT;
  |     ^^^^ use of unresolved module or unlinked crate `axfs`
  |
  = help: if you wanted to use a crate named `axfs`, use `cargo add axfs` to add it to your `Cargo.toml`

error[E0433]: cannot find module or crate `axfs` in this scope
  --> kernel/src/syscall/fs/fd_ops.rs:78:28
   |
78 |                     file = axfs::File::new(FileBackend::Direct(loc), file.flags());
   |                            ^^^^ use of unresolved module or unlinked crate `axfs`
   |
   = help: if you wanted to use a crate named `axfs`, use `cargo add axfs` to add it to your `Cargo.toml`
help: consider importing this struct through its public re-export
   |
 1 + use crate::file::File;
   |
help: if you import `File`, refer to it directly
   |
78 -                     file = axfs::File::new(FileBackend::Direct(loc), file.flags());
78 +                     file = File::new(FileBackend::Direct(loc), file.flags());
   |

error[E0433]: cannot find module or crate `axfs` in this scope
  --> kernel/src/syscall/fs/fd_ops.rs:96:28
   |
96 |                     file = axfs::File::new(FileBackend::Direct(loc), file.flags());
   |                            ^^^^ use of unresolved module or unlinked crate `axfs`
   |
   = help: if you wanted to use a crate named `axfs`, use `cargo add axfs` to add it to your `Cargo.toml`
help: consider importing this struct through its public re-export
   |
 1 + use crate::file::File;
   |
help: if you import `File`, refer to it directly
   |
96 -                     file = axfs::File::new(FileBackend::Direct(loc), file.flags());
96 +                     file = File::new(FileBackend::Direct(loc), file.flags());
   |

error[E0433]: cannot find module or crate `axfs` in this scope
   --> kernel/src/file/fs.rs:101:12
    |
101 |     inner: axfs::File,
    |            ^^^^ use of unresolved module or unlinked crate `axfs`
    |
    = help: if you wanted to use a crate named `axfs`, use `cargo add axfs` to add it to your `Cargo.toml`

error[E0433]: cannot find module or crate `axfs` in this scope
   --> kernel/src/file/fs.rs:106:23
    |
106 |     pub fn new(inner: axfs::File) -> Self {
    |                       ^^^^ use of unresolved module or unlinked crate `axfs`
    |
    = help: if you wanted to use a crate named `axfs`, use `cargo add axfs` to add it to your `Cargo.toml`

error[E0433]: cannot find module or crate `axfs` in this scope
   --> kernel/src/file/fs.rs:113:29
    |
113 |     pub fn inner(&self) -> &axfs::File {
    |                             ^^^^ use of unresolved module or unlinked crate `axfs`
    |
    = help: if you wanted to use a crate named `axfs`, use `cargo add axfs` to add it to your `Cargo.toml`

Some errors have detailed explanations: E0432, E0433.
For more information about an error, try `rustc --explain E0432`.
error: could not compile `starry-kernel` (lib) due to 25 previous errors
EXIT=101
=== 2026-08-15 18:21:34 CMD: make LOG=info build ===
make[1]: Entering directory '/home/daivy/projects/serial/work/StarryOS/make'
warning: `/home/daivy/.cargo/config` is deprecated in favor of `config.toml`
  |
  = help: if you need to support cargo 1.38 or earlier, you can symlink `config` to `config.toml`
warning: `/home/daivy/.cargo/config` is deprecated in favor of `config.toml`
  |
  = help: if you need to support cargo 1.38 or earlier, you can symlink `config` to `config.toml`
warning: `/home/daivy/.cargo/config` is deprecated in favor of `config.toml`
  |
  = help: if you need to support cargo 1.38 or earlier, you can symlink `config` to `config.toml`
warning: `/home/daivy/.cargo/config` is deprecated in favor of `config.toml`
  |
  = help: if you need to support cargo 1.38 or earlier, you can symlink `config` to `config.toml`
[37maxconfig-gen[0m [90mdefconfig.toml /home/daivy/.cargo/registry/src/index.crates.io-1949cf8c6b5b557f/axplat-riscv64-qemu-virt-0.3.1-pre.6/axconfig.toml  -w arch=riscv64 -w platform=riscv64-qemu-virt -o "/home/daivy/projects/serial/work/StarryOS/.axconfig.toml" -w plat.phys-memory-size=1073741824[0m
make[1]: Leaving directory '/home/daivy/projects/serial/work/StarryOS/make'
make[1]: Entering directory '/home/daivy/projects/serial/work/StarryOS/make'
warning: `/home/daivy/.cargo/config` is deprecated in favor of `config.toml`
  |
  = help: if you need to support cargo 1.38 or earlier, you can symlink `config` to `config.toml`
warning: `/home/daivy/.cargo/config` is deprecated in favor of `config.toml`
  |
  = help: if you need to support cargo 1.38 or earlier, you can symlink `config` to `config.toml`
warning: `/home/daivy/.cargo/config` is deprecated in favor of `config.toml`
  |
  = help: if you need to support cargo 1.38 or earlier, you can symlink `config` to `config.toml`
warning: `/home/daivy/.cargo/config` is deprecated in favor of `config.toml`
  |
  = help: if you need to support cargo 1.38 or earlier, you can symlink `config` to `config.toml`
[37maxconfig-gen[0m [90mdefconfig.toml /home/daivy/.cargo/registry/src/index.crates.io-1949cf8c6b5b557f/axplat-riscv64-qemu-virt-0.3.1-pre.6/axconfig.toml  -w arch=riscv64 -w platform=riscv64-qemu-virt -o "/home/daivy/projects/serial/work/StarryOS/.axconfig.toml" -w plat.phys-memory-size=1073741824 -c "/home/daivy/projects/serial/work/StarryOS/.axconfig.toml"[0m
    [92;1mBuilding[0m App: StarryOS, Arch: riscv64, Platform: riscv64-qemu-virt, App type: rust
[37mcargo -C /home/daivy/projects/serial/work/StarryOS build[0m [90m-Z unstable-options --target riscv64gc-unknown-none-elf --target-dir /home/daivy/projects/serial/work/StarryOS/target --release  --features "axfeat/defplat axfeat/bus-mmio axfeat/dwarf qemu"[0m
warning: `/home/daivy/.cargo/config` is deprecated in favor of `config.toml`
  |
  = help: if you need to support cargo 1.38 or earlier, you can symlink `config` to `config.toml`
warning: `/home/daivy/.cargo/config` is deprecated in favor of `config.toml`
  |
  = help: if you need to support cargo 1.38 or earlier, you can symlink `config` to `config.toml`
warning: hiding a lifetime that's elided elsewhere is confusing
   --> crates/virtio-drivers/src/transport/pci/bus.rs:242:25
    |
242 |     pub fn capabilities(&self, device_function: DeviceFunction) -> CapabilityIterator {
    |                         ^^^^^ the lifetime is elided here          ^^^^^^^^^^^^^^^^^^ the same lifetime is hidden here
    |
    = help: the same lifetime is referred to in inconsistent ways, making the signature confusing
    = note: `#[warn(mismatched_lifetime_syntaxes)]` on by default
help: use `'_` for type paths
    |
242 |     pub fn capabilities(&self, device_function: DeviceFunction) -> CapabilityIterator<'_> {
    |                                                                                      ++++

warning: `virtio-drivers` (lib) generated 1 warning (run `cargo fix --lib -p virtio-drivers` to apply 1 suggestion)
warning: hiding a lifetime that's elided elsewhere is confusing
  --> crates/axdriver_virtio/src/gpu.rs:56:11
   |
56 |     fn fb(&self) -> FrameBuffer {
   |           ^^^^^     ^^^^^^^^^^^ the same lifetime is hidden here
   |           |
   |           the lifetime is elided here
   |
   = help: the same lifetime is referred to in inconsistent ways, making the signature confusing
   = note: `#[warn(mismatched_lifetime_syntaxes)]` on by default
help: use `'_` for type paths
   |
56 |     fn fb(&self) -> FrameBuffer<'_> {
   |                                ++++

warning: `axdriver_virtio` (lib) generated 1 warning (run `cargo fix --lib -p axdriver_virtio` to apply 1 suggestion)
warning: unused import: `crate::iface::Route`
 --> crates/smoltcp/src/iface/interface/ipv6.rs:3:5
  |
3 | use crate::iface::Route;
  |     ^^^^^^^^^^^^^^^^^^^
  |
  = note: `#[warn(unused_imports)]` (part of `#[warn(unused)]`) on by default

warning: unused import: `super::fragmentation::PacketAssemblerSet`
  --> crates/smoltcp/src/iface/interface/mod.rs:35:5
   |
35 | use super::fragmentation::PacketAssemblerSet;
   |     ^^^^^^^^^^^^^^^^^^^^^^^^^^^^^^^^^^^^^^^^

warning: unused imports: `IFACE_MAX_PREFIX_COUNT` and `IFACE_MAX_SIXLOWPAN_ADDRESS_CONTEXT_COUNT`
  --> crates/smoltcp/src/iface/interface/mod.rs:42:27
   |
42 |     IFACE_MAX_ADDR_COUNT, IFACE_MAX_PREFIX_COUNT, IFACE_MAX_SIXLOWPAN_ADDRESS_CONTEXT_COUNT,
   |                           ^^^^^^^^^^^^^^^^^^^^^^  ^^^^^^^^^^^^^^^^^^^^^^^^^^^^^^^^^^^^^^^^^

warning: variable does not need to be mutable
   --> crates/smoltcp/src/iface/interface/ipv4.rs:103:13
    |
103 |         let mut ipv4_repr = check!(Ipv4Repr::parse(ipv4_packet, &self.caps.checksum));
    |             ----^^^^^^^^^
    |             |
    |             help: remove this `mut`
    |
    = note: `#[warn(unused_mut)]` (part of `#[warn(unused)]`) on by default

warning: unused variable: `frag`
   --> crates/smoltcp/src/iface/interface/ipv4.rs:101:9
    |
101 |         frag: &'a mut FragmentsBuffer,
    |         ^^^^ help: if this is intentional, prefix it with an underscore: `_frag`
    |
    = note: `#[warn(unused_variables)]` (part of `#[warn(unused)]`) on by default

warning: unused variable: `repr`
    --> crates/smoltcp/src/iface/interface/mod.rs:1274:26
     |
1274 |             IpRepr::Ipv4(repr) => {
     |                          ^^^^ help: if this is intentional, prefix it with an underscore: `_repr`

warning: variable does not need to be mutable
   --> crates/smoltcp/src/socket/dns.rs:247:13
    |
247 |         let mut mdns = MulticastDns::Disabled;
    |             ----^^^^
    |             |
    |             help: remove this `mut`

warning: methods `link_local_ipv6_address` and `mldv2_report_packet` are never used
   --> crates/smoltcp/src/iface/interface/ipv6.rs:173:8
    |
 23 | impl InterfaceInner {
    | ------------------- methods in this implementation
...
173 |     fn link_local_ipv6_address(&self) -> Option<Ipv6Address> {
    |        ^^^^^^^^^^^^^^^^^^^^^^^
...
565 |     pub(super) fn mldv2_report_packet<'any>(
    |                   ^^^^^^^^^^^^^^^^^^^
    |
    = note: `#[warn(dead_code)]` (part of `#[warn(unused)]`) on by default

warning: variant `HopByHopIcmpv6` is never constructed
   --> crates/smoltcp/src/iface/packet.rs:218:5
    |
210 | pub(crate) enum IpPayload<'p> {
    |                 --------- variant in this enum
...
218 |     HopByHopIcmpv6(Ipv6HopByHopRepr<'p>, Icmpv6Repr<'p>),
    |     ^^^^^^^^^^^^^^
    |
    = note: `IpPayload` has a derived impl for the trait `Debug`, but this is intentionally ignored during dead code analysis

warning: method `is_solicited_node_multicast` is never used
   --> crates/smoltcp/src/wire/ipv6.rs:125:8
    |
 80 | pub(crate) trait AddressExt {
    |                  ---------- method in this trait
...
125 |     fn is_solicited_node_multicast(&self) -> bool;
    |        ^^^^^^^^^^^^^^^^^^^^^^^^^^^

warning: method `emit_header` is never used
   --> crates/smoltcp/src/wire/udp.rs:275:19
    |
232 | impl Repr {
    | --------- method in this implementation
...
275 |     pub(crate) fn emit_header<T>(&self, packet: &mut Packet<&mut T>, payload_len: usize)
    |                   ^^^^^^^^^^^

warning: `smoltcp` (lib) generated 11 warnings (run `cargo fix --lib -p smoltcp` to apply 7 suggestions)
warning: unused import: `fixed_queue::MAX_LIVE_TICKETS`
  --> crates/axnet/src/async_rx.rs:23:55
   |
23 |     device::{RxCopyStep, TxReclaimStep, TxSubmitStep, fixed_queue::MAX_LIVE_TICKETS},
   |                                                       ^^^^^^^^^^^^^^^^^^^^^^^^^^^^^
   |
   = note: `#[warn(unused_imports)]` (part of `#[warn(unused)]`) on by default

warning: constant `SUPPRESS` is never used
   --> crates/axnet/src/async_rx.rs:217:15
    |
217 |     pub const SUPPRESS: u64 = 2;
    |               ^^^^^^^^
    |
    = note: `#[warn(dead_code)]` (part of `#[warn(unused)]`) on by default

warning: `axnet-ng` (lib) generated 2 warnings (run `cargo fix --lib -p axnet-ng` to apply 1 suggestion)
   Compiling axruntime v0.3.0-preview.2
   Compiling axfeat v0.3.0-preview.2
   Compiling starry-kernel v0.2.0-preview.2 (/home/daivy/projects/serial/work/StarryOS/kernel)
   Compiling starryos v0.2.0-preview.2 (/home/daivy/projects/serial/work/StarryOS)
    Finished `release` profile [optimized] target(s) in 6.50s
[37m./dwarf.sh[0m [90m/home/daivy/projects/serial/work/StarryOS/StarryOS_riscv64-qemu-virt.elf rust-objcopy --binary-architecture=riscv64[0m
[37mrust-objcopy --binary-architecture=riscv64[0m [90m/home/daivy/projects/serial/work/StarryOS/StarryOS_riscv64-qemu-virt.elf --strip-all -O binary /home/daivy/projects/serial/work/StarryOS/StarryOS_riscv64-qemu-virt.bin[0m
make[1]: Leaving directory '/home/daivy/projects/serial/work/StarryOS/make'
EXIT=0
=== 2026-08-15 18:21:48 CMD: riscv64-linux-musl-gcc -static -O2 -o tests/ms01_socket_baseline tests/ms01_socket_baseline.c ===
EXIT=0
=== 2026-08-15 18:21:53 CMD: make -B tests/ms02_guest_service tests/ms03_irq_probe tests/ms04_rx_probe tests/ms05_data_plane_probe ===
riscv64-linux-musl-gcc -static -O2 -o tests/ms02_guest_service tests/ms02_guest_service.c
riscv64-linux-musl-gcc -static -Os -o tests/ms03_irq_probe tests/ms03_irq_probe.c
riscv64-linux-musl-gcc -std=c11 -Wall -Wextra -Werror -static -no-pie -Os -o tests/ms04_rx_probe tests/ms04_rx_probe.c
riscv64-linux-musl-gcc -std=c11 -Wall -Wextra -Werror -static -no-pie -Os -o tests/ms05_data_plane_probe tests/ms05_data_plane_probe.c
EXIT=0
=== 2026-08-15 18:22:01 CMD: file StarryOS_riscv64-qemu-virt.bin tests/ms01_socket_baseline tests/ms02_guest_service tests/ms03_irq_probe tests/ms04_rx_probe tests/ms05_data_plane_probe ===
StarryOS_riscv64-qemu-virt.bin: data
tests/ms01_socket_baseline:     ELF 64-bit LSB pie executable, UCB RISC-V, RVC, double-float ABI, version 1 (SYSV), static-pie linked, with debug_info, not stripped
tests/ms02_guest_service:       ELF 64-bit LSB pie executable, UCB RISC-V, RVC, double-float ABI, version 1 (SYSV), static-pie linked, with debug_info, not stripped
tests/ms03_irq_probe:           ELF 64-bit LSB pie executable, UCB RISC-V, RVC, double-float ABI, version 1 (SYSV), static-pie linked, with debug_info, not stripped
tests/ms04_rx_probe:            ELF 64-bit LSB executable, UCB RISC-V, RVC, double-float ABI, version 1 (SYSV), statically linked, with debug_info, not stripped
tests/ms05_data_plane_probe:    ELF 64-bit LSB executable, UCB RISC-V, RVC, double-float ABI, version 1 (SYSV), statically linked, with debug_info, not stripped
EXIT=0
=== 2026-08-15 18:22:01 CMD: stat -c '%y %s %n' <6 artifacts> ===
2026-08-15 18:21:42.550147999 +0800 40190144 StarryOS_riscv64-qemu-virt.bin
2026-08-15 18:21:48.778755450 +0800 150832 tests/ms01_socket_baseline
2026-08-15 18:21:53.400802584 +0800 134712 tests/ms02_guest_service
2026-08-15 18:21:53.470331644 +0800 138600 tests/ms03_irq_probe
2026-08-15 18:21:53.568544232 +0800 134232 tests/ms04_rx_probe
2026-08-15 18:21:53.771050966 +0800 144520 tests/ms05_data_plane_probe
EXIT=0
=== 2026-08-15 18:22:01 CMD: sha256sum <6 artifacts> ===
57b672cfbea84c6fc37b591823a81ce9457d59d0dc84f4db8e0551260ff276ac  StarryOS_riscv64-qemu-virt.bin
168036806819a73fb5a098cbda31a1d383423d9e709b9ac59cd5263065f07a75  tests/ms01_socket_baseline
c2a252f9fc47353953f71d14a4ffc415f555ac648035e0c45fed1dd98dd877b3  tests/ms02_guest_service
9cd43fa87ef6a7a0e6ab0efa3c768fa680d4b7040e0f26cce7df01bd1aefc495  tests/ms03_irq_probe
11b567a1a071999fe1eb0f2c8539e692d5825715e592aa6f817db7ea0d04e77c  tests/ms04_rx_probe
6a7189e28a5299d8e888cb1d60ccdb950dd93e39e612e6a2f5554dc71bb64563  tests/ms05_data_plane_probe
EXIT=0
