Boot at 1970-01-01 00:00:00.440383958 UTC

[starry-d1] Lichee D1 fullbench command-entry mode
[UART INIT] D1 MMIO base=0xffffffc002500000 stride=4 IER=0x0 IIR=0xc1 LSR=0x20
[UART INIT] D1 UART IRQ 18 registered=true, buffers=64KBx2
[UART INIT] async UART hardware initialized (copiers not started yet)
[kernel] Async UART driver initialized (D1)
[BENCH] Running startup benchmark...
[BENCH] Ring buffer write: 700088.60 KB/s (65536 bytes in 0.09 ms)
[BENCH] Hardware line rate: 11.52 KB/s (115200 bps)
[BENCH] FIFO depth: 16 bytes
[BENCH] Ring buffer: 64 KB × 2 = 128 KB total
[BENCH] Driver struct: 288 bytes
[BENCH] Total memory: 128 KB
[BENCH] NAPI threshold: 16 consecutive reads
[BENCH] NAPI batch size: 64 bytes
[BENCH] Copier buffer size: 1024 bytes
[BENCH] IRQ count: 0
[BENCH] Running RX ring buffer throughput test...
[BENCH] RX ring buffer read: 7314285.71 KB/s (65536 bytes in 0.01 ms)
[BENCH] Running RX ring buffer latency test...
[BENCH] RX latency (n=100): min=291ns avg=313ns P50=333ns P95=334ns P99=334ns
[BENCH] Startup benchmark complete
[BENCH] Note: actual throughput limited by UART line rate (11.52 KB/s)
[UART INIT] async UART copiers started
[starry-d1] log_label=lichee-memory-root-command
[starry-d1] target_mode=lichee-d1-fullbench-command
[starry-d1] startup_chain=android-boot-image -> memory-root /bin/benchmark -> eager_elf_mapping (equivalent_command_entry)
[starry-d1] root_provider=d1-memory-root-path
[starry-d1] shell_status=SKIPPED: no known-good static /bin/sh
[starry-d1] equivalent_entry=/bin/benchmark
[starry-d1] Initializing populated memory rootfs...
[starry-d1] root_provider=d1-memory-root-path requested_path=/bin/benchmark resolved=true
[starry-d1] evidence_path=/init.sh resolved=true (not executed, shell unavailable)
[starry-d1] argv_evidence=kernel-side-construction argv=/bin/benchmark,--q19c-m2-command-entry
[starry-d1] envp_count=0 (kernel-side construction)
[starry-d1] stdio=/dev/console
[starry-d1] note=user-observed-argv-not-claimed (payload does not print argc/argv; see q19c-m2-m3-acceptance-alignment §D4)
[starry-d1] Loading /bin/benchmark via path eager loader (command-entry)...
[starry-d1] stage=loaded-process-command-entry requested_path=/bin/benchmark spawned=true
[starry-d1] benchmark process spawned (command-entry), waiting...
UART Async Benchmark
====================

=== [S00] Benchmark Manifest ===
  version=q31-cpu-efficiency-20260721
  target_mode=lichee-d1-fullbench
  startup_chain=android-boot-image -> memory-root /bin/benchmark -> eager_elf_mapping
  root_provider=d1-memory-root-path
  device=/dev/console
  timer_source=CLOCK_MONOTONIC
  uart_line_rate=11.52 KB/s
  tx_throughput_sizes=64,256,1024
  tx_break_even_sizes=64,128,256
  tx_throughput_iters=100
  tx_baseline_drain_policy=tcdrain-after-each-write
  tx_enqueue_policy=no-drain-during-measure-final-tcdrain-after
  tx_batch_drain_every=8
  tx_writev_fragments=4
  tx_writev_fragment_size=64
  tx_latency_size=1
  tx_latency_iters=100
  fifo_matrix_sizes=1,15,16,17,31,32,33,48,49
  fifo_matrix_iters=100
  rx_mode=empty-nonblocking-eagain
  rx_fixed_bytes=0
  rx_fixed_timeout_ms=5000
  hart_count=1
  timer_source_detail=CLOCK_MONOTONIC
  clock_nanosleep_available=yes
  instret_source=/proc/instret
  bench_version_extra=q31-cpu-efficiency

  instret_read_overhead=16510
=== [S10] TX Throughput Baseline (write + tcdrain each iteration) ===
  diag=S10 pre_section_stdout_drain_ms=5633 drain_errors=0 last_errno=0
  policy=drain-each size=64 iters=100 bytes=6400 short_writes=0 drain_calls=100 drain_errors=0 last_drain_errno=0 elapsed_ms=570 line_time_ms=542.5 kbps=10.96 line_rate_pct=95.1
  diag=drain-each-size-64 n=100 avg_ms=5.698 p50_ms=5.698 p95_ms=5.700 p99_ms=5.714 max_ms=5.714 slow_gt10ms=0 slow_over_line_plus10ms=0 max_line_ratio=1.05 p99_p50_ratio=1.00 max_p50_ratio=1.00
  policy=drain-each size=256 iters=100 bytes=25600 short_writes=0 drain_calls=100 drain_errors=0 last_drain_errno=0 elapsed_ms=2267 line_time_ms=2170.1 kbps=11.02 line_rate_pct=95.7
  diag=drain-each-size-256 n=100 avg_ms=22.672 p50_ms=22.345 p95_ms=22.354 p99_ms=54.971 max_ms=54.971 slow_gt10ms=100 slow_over_line_plus10ms=1 max_line_ratio=2.53 p99_p50_ratio=2.46 max_p50_ratio=2.46
  policy=drain-each size=1024 iters=100 bytes=102400 short_writes=0 drain_calls=100 drain_errors=0 last_drain_errno=0 elapsed_ms=8928 line_time_ms=8680.6 kbps=11.20 line_rate_pct=97.2
  diag=drain-each-size-1024 n=100 avg_ms=89.280 p50_ms=88.942 p95_ms=88.963 p99_ms=122.612 max_ms=122.612 slow_gt10ms=100 slow_over_line_plus10ms=1 max_line_ratio=1.41 p99_p50_ratio=1.38 max_p50_ratio=1.38

=== [S11] TX Enqueue Cost (write loop, final drain outside timing) ===
  diag=S11 pre_section_stdout_drain_ms=40 drain_errors=0 last_errno=0
  policy=no-drain size=64 iters=100 bytes=6400 short_writes=0 enqueue_ms=1 final_drain_ms=554 final_drain_rc=0 final_drain_errno=0 drain_calls=1 drain_errors=0 last_drain_errno=0 line_time_ms=542.5 enqueue_kbps=3945.19
  diag=s11-txdbg-reset size=64 ioctl_rc=0
  diag=s11-txdbg phase=enqueue size=64 ioctl_rc=0 user_calls=100 user_req=6400 user_acc=6400 ring_pop_calls=0 ring_pop_bytes=0 hw_send_calls=0 hw_send_bytes=0 hw_send_zero=0 hw_send_max_chunk=0 no_progress_budget=0 slow_poll_exh=0 yield_exh=0 ring_empty=0 copier_active=0 staged_bytes=0 transmitter_empty=1
  diag=s11-txdbg phase=final-drain size=64 ioctl_rc=0 user_calls=100 user_req=6400 user_acc=6400 ring_pop_calls=7 ring_pop_bytes=6400 hw_send_calls=274608 hw_send_bytes=6400 hw_send_zero=274208 hw_send_max_chunk=16 no_progress_budget=399 slow_poll_exh=0 yield_exh=0 ring_empty=1 copier_active=0 staged_bytes=0 transmitter_empty=1
  diag=s11-derived size=64 submit_fraction=0.0028 producer_available=1 total_time_ms=556 enqueue_time_ms=1
  policy=no-drain size=256 iters=100 bytes=25600 short_writes=0 enqueue_ms=2 final_drain_ms=2218 final_drain_rc=0 final_drain_errno=0 drain_calls=1 drain_errors=0 last_drain_errno=0 line_time_ms=2170.1 enqueue_kbps=11781.57
  diag=s11-txdbg-reset size=256 ioctl_rc=0
  diag=s11-txdbg phase=enqueue size=256 ioctl_rc=0 user_calls=100 user_req=25600 user_acc=25600 ring_pop_calls=0 ring_pop_bytes=0 hw_send_calls=0 hw_send_bytes=0 hw_send_zero=0 hw_send_max_chunk=0 no_progress_budget=0 slow_poll_exh=0 yield_exh=0 ring_empty=0 copier_active=0 staged_bytes=0 transmitter_empty=1
  diag=s11-txdbg phase=final-drain size=256 ioctl_rc=0 user_calls=100 user_req=25600 user_acc=25600 ring_pop_calls=25 ring_pop_bytes=25600 hw_send_calls=1100671 hw_send_bytes=25600 hw_send_zero=1099071 hw_send_max_chunk=16 no_progress_budget=1599 slow_poll_exh=0 yield_exh=0 ring_empty=1 copier_active=0 staged_bytes=0 transmitter_empty=1
  diag=s11-derived size=256 submit_fraction=0.0010 producer_available=1 total_time_ms=2220 enqueue_time_ms=2
  policy=no-drain size=1024 iters=100 bytes=102400 short_writes=0 enqueue_ms=3148 final_drain_ms=5730 final_drain_rc=0 final_drain_errno=0 drain_calls=1 drain_errors=0 last_drain_errno=0 line_time_ms=8680.6 enqueue_kbps=31.76
  diag=s11-txdbg-reset size=1024 ioctl_rc=0
  diag=s11-txdbg phase=enqueue size=1024 ioctl_rc=0 user_calls=510 user_req=129984 user_acc=102400 ring_pop_calls=37 ring_pop_bytes=36882 hw_send_calls=1559470 hw_send_bytes=36290 hw_send_zero=1557201 hw_send_max_chunk=16 no_progress_budget=2269 slow_poll_exh=0 yield_exh=0 ring_empty=0 copier_active=1 staged_bytes=592 transmitter_empty=0
  diag=s11-txdbg phase=final-drain size=1024 ioctl_rc=0 user_calls=510 user_req=129984 user_acc=102400 ring_pop_calls=101 ring_pop_bytes=102400 hw_send_calls=4403342 hw_send_bytes=102400 hw_send_zero=4396941 hw_send_max_chunk=16 no_progress_budget=6400 slow_poll_exh=0 yield_exh=0 ring_empty=1 copier_active=0 staged_bytes=0 transmitter_empty=1
  diag=s11-derived size=1024 submit_fraction=0.3546 producer_available=1 total_time_ms=8878 enqueue_time_ms=3148

=== [S12] TX Batch Drain (write N iterations, then tcdrain) ===
  diag=S12 pre_section_stdout_drain_ms=99 drain_errors=0 last_errno=0
  policy=batch-drain size=64 iters=100 batch=8 drains=13 bytes=6400 drain_calls=13 drain_errors=0 last_drain_errno=0 elapsed_ms=557 line_time_ms=542.5 kbps=11.20 line_rate_pct=97.2
  policy=batch-drain size=256 iters=100 batch=8 drains=13 bytes=25600 drain_calls=13 drain_errors=0 last_drain_errno=0 elapsed_ms=2238 line_time_ms=2170.1 kbps=11.17 line_rate_pct=97.0
  policy=batch-drain size=1024 iters=100 batch=8 drains=13 bytes=102400 drain_calls=13 drain_errors=0 last_drain_errno=0 elapsed_ms=8898 line_time_ms=8680.6 kbps=11.24 line_rate_pct=97.6

=== [S13] TX writev Fragments (fragment aggregation witness) ===
  diag=S13 pre_section_stdout_drain_ms=22 drain_errors=0 last_errno=0
  policy=writev-drain-each fragments=4 fragment_size=64 total_size=256 iters=100 bytes=25600 short_writes=0 drain_calls=100 drain_errors=0 last_drain_errno=0 elapsed_ms=2235 line_time_ms=2170.1 kbps=11.18 line_rate_pct=97.1

=== [S14] TX Small Packet Break-even (64/128/256 drain-each) ===
  diag=S14 pre_section_stdout_drain_ms=25 drain_errors=0 last_errno=0
  policy=drain-each size=64 iters=100 bytes=6400 short_writes=0 drain_calls=100 drain_errors=0 last_drain_errno=0 elapsed_ms=570 line_time_ms=542.5 kbps=10.96 line_rate_pct=95.1
  diag=break-even-size-64 n=100 avg_ms=5.698 p50_ms=5.698 p95_ms=5.700 p99_ms=5.712 max_ms=5.712 slow_gt10ms=0 slow_over_line_plus10ms=0 max_line_ratio=1.05 p99_p50_ratio=1.00 max_p50_ratio=1.00
  policy=drain-each size=128 iters=100 bytes=12800 short_writes=0 drain_calls=100 drain_errors=0 last_drain_errno=0 elapsed_ms=1157 line_time_ms=1085.1 kbps=10.80 line_rate_pct=93.7
  diag=break-even-size-128 n=100 avg_ms=11.574 p50_ms=11.248 p95_ms=11.250 p99_ms=43.875 max_ms=43.875 slow_gt10ms=100 slow_over_line_plus10ms=1 max_line_ratio=4.04 p99_p50_ratio=3.90 max_p50_ratio=3.90
  policy=drain-each size=256 iters=100 bytes=25600 short_writes=0 drain_calls=100 drain_errors=0 last_drain_errno=0 elapsed_ms=2268 line_time_ms=2170.1 kbps=11.02 line_rate_pct=95.7
  diag=break-even-size-256 n=100 avg_ms=22.682 p50_ms=22.345 p95_ms=22.357 p99_ms=56.012 max_ms=56.012 slow_gt10ms=100 slow_over_line_plus10ms=1 max_line_ratio=2.58 p99_p50_ratio=2.51 max_p50_ratio=2.51

=== [S20] TX Latency (single byte + tcdrain) ===
  diag=S20 pre_section_stdout_drain_ms=38 drain_errors=0 last_errno=0
  diag=s20-single-byte n=100 avg_ms=0.190 p50_ms=0.190 p95_ms=0.192 p99_ms=0.221 max_ms=0.221 slow_gt10ms=0 slow_over_line_plus10ms=0 max_line_ratio=2.61 p99_p50_ratio=1.16 max_p50_ratio=1.16
  diag=S20 drain_calls=100 drain_errors=0 last_drain_errno=0

=== [S21] TX Latency FIFO Boundary Matrix ===
  diag=S21 pre_section_stdout_drain_ms=26 drain_errors=0 last_errno=0
  diag=s21-fifo-size-1 n=100 avg_ms=0.191 p50_ms=0.191 p95_ms=0.193 p99_ms=0.232 max_ms=0.232 slow_gt10ms=0 slow_over_line_plus10ms=0 max_line_ratio=2.74 p99_p50_ratio=1.22 max_p50_ratio=1.22
  diag=fifo-size-1 drain_calls=100 drain_errors=0 last_drain_errno=0
  diag=s21-fifo-size-15 n=100 avg_ms=1.660 p50_ms=1.429 p95_ms=1.444 p99_ms=24.383 max_ms=24.383 slow_gt10ms=1 slow_over_line_plus10ms=1 max_line_ratio=19.18 p99_p50_ratio=17.06 max_p50_ratio=17.06
  diag=fifo-size-15 drain_calls=100 drain_errors=0 last_drain_errno=0
  diag=s21-fifo-size-16 n=100 avg_ms=1.754 p50_ms=1.516 p95_ms=1.535 p99_ms=25.076 max_ms=25.076 slow_gt10ms=1 slow_over_line_plus10ms=1 max_line_ratio=18.49 p99_p50_ratio=16.55 max_p50_ratio=16.55
  diag=fifo-size-16 drain_calls=100 drain_errors=0 last_drain_errno=0
  diag=s21-fifo-size-17 n=100 avg_ms=1.834 p50_ms=1.599 p95_ms=1.602 p99_ms=25.147 max_ms=25.147 slow_gt10ms=1 slow_over_line_plus10ms=1 max_line_ratio=17.45 p99_p50_ratio=15.73 max_p50_ratio=15.73
  diag=fifo-size-17 drain_calls=100 drain_errors=0 last_drain_errno=0
  diag=s21-fifo-size-31 n=100 avg_ms=3.069 p50_ms=2.834 p95_ms=2.837 p99_ms=26.378 max_ms=26.378 slow_gt10ms=1 slow_over_line_plus10ms=1 max_line_ratio=10.04 p99_p50_ratio=9.31 max_p50_ratio=9.31
  diag=fifo-size-31 drain_calls=100 drain_errors=0 last_drain_errno=0
  diag=s21-fifo-size-32 n=100 avg_ms=3.154 p50_ms=2.920 p95_ms=2.922 p99_ms=26.291 max_ms=26.291 slow_gt10ms=1 slow_over_line_plus10ms=1 max_line_ratio=9.69 p99_p50_ratio=9.00 max_p50_ratio=9.00
  diag=fifo-size-32 drain_calls=100 drain_errors=0 last_drain_errno=0
  diag=s21-fifo-size-33 n=100 avg_ms=3.221 p50_ms=2.986 p95_ms=3.007 p99_ms=26.294 max_ms=26.294 slow_gt10ms=1 slow_over_line_plus10ms=1 max_line_ratio=9.40 p99_p50_ratio=8.80 max_p50_ratio=8.80
  diag=fifo-size-33 drain_calls=100 drain_errors=0 last_drain_errno=0
  diag=s21-fifo-size-48 n=100 avg_ms=4.540 p50_ms=4.307 p95_ms=4.310 p99_ms=27.576 max_ms=27.576 slow_gt10ms=1 slow_over_line_plus10ms=1 max_line_ratio=6.78 p99_p50_ratio=6.40 max_p50_ratio=6.40
  diag=fifo-size-48 drain_calls=100 drain_errors=0 last_drain_errno=0
  diag=s21-fifo-size-49 n=100 avg_ms=4.609 p50_ms=4.373 p95_ms=4.393 p99_ms=27.678 max_ms=27.678 slow_gt10ms=1 slow_over_line_plus10ms=1 max_line_ratio=6.66 p99_p50_ratio=6.33 max_p50_ratio=6.33
  diag=fifo-size-49 drain_calls=100 drain_errors=0 last_drain_errno=0

=== [S30] RX Empty Non-blocking Read (FIONBIO) ===
  diag=S30 pre_section_stdout_drain_ms=28 drain_errors=0 last_errno=0
  method=open-o-nonblock status=PASS result=EAGAIN
  method=ioctl-fionbio status=PASS result=EAGAIN

=== [S31] RX Fixed Payload Witness ===
  diag=S31 pre_section_stdout_drain_ms=12 drain_errors=0 last_errno=0
  status=SKIPPED reason=BENCH_RX_FIXED_BYTES=0

=== [S41] TX CPU Work (instret: write start → final TEMT drain) ===
  diag=S41 pre_section_stdout_drain_ms=10 drain_errors=0 last_errno=0
  instret_read_overhead=16611
  size=64 iters=100 completed=6400 expected=6400 byte_ok=1 drain_ok=1 short_writes=0 logical_writes=100 syscall_writes=100 duration_ms=556
  diag=s41-instret size=64 instret_begin=18378269767 instret_end=18588190272 instret_delta=209920505 instructions_per_byte=32800.08 instructions_per_write=2099205
  s41-local-counters counters=ok hw_send_calls_per_kb=43938.2 hw_send_zero_per_kb=43874.2 ring_pop_bytes_per_kb=1024.0 no_progress_per_kb=63.8 bytes_per_hw_send=0.0 bytes_per_ring_pop=914.3
  size=256 iters=100 completed=25600 expected=25600 byte_ok=1 drain_ok=1 short_writes=0 logical_writes=100 syscall_writes=101 duration_ms=2221
  diag=s41-instret size=256 instret_begin=18604608703 instret_end=19444310824 instret_delta=839702121 instructions_per_byte=32800.86 instructions_per_write=8313882
  s41-local-counters counters=ok hw_send_calls_per_kb=44045.3 hw_send_zero_per_kb=43981.3 ring_pop_bytes_per_kb=1024.0 no_progress_per_kb=64.0 bytes_per_hw_send=0.0 bytes_per_ring_pop=984.6
  size=1024 iters=100 completed=65536 expected=102400 byte_ok=0 drain_ok=1 short_writes=36 logical_writes=100 syscall_writes=293 duration_ms=5686
  diag=s41-instret size=1024 instret_begin=19460726041 instret_end=21610741942 instret_delta=2150015901 instructions_per_byte=32806.64 instructions_per_write=7337938
  s41-local-counters counters=ok hw_send_calls_per_kb=44047.8 hw_send_zero_per_kb=43983.8 ring_pop_bytes_per_kb=1024.0 no_progress_per_kb=64.0 bytes_per_hw_send=0.0 bytes_per_ring_pop=1008.2

=== [S42] TX Compute Overlap (64B x 100, fixed window) ===
  diag=S42 pre_section_stdout_drain_ms=49 drain_errors=0 last_errno=0
  idle window_ms=542.535 window_ns=542534722 iters=272530 duration_ms=542.538 iters_per_sec=502324
  overlap payload=64 iters=100 warmup=1 sample_rounds=5
  diag=s42-sample round=1 useful_iters=145834 write_return_us=1630.2 total_duration_ms=840.725 overlap_efficiency=0.5351
  diag=s42-sample round=2 useful_iters=145827 write_return_us=1630.8 total_duration_ms=840.726 overlap_efficiency=0.5351
  diag=s42-sample round=3 useful_iters=146251 write_return_us=1636.6 total_duration_ms=840.727 overlap_efficiency=0.5366
  diag=s42-sample round=4 useful_iters=145544 write_return_us=1625.6 total_duration_ms=840.662 overlap_efficiency=0.5340
  diag=s42-sample round=5 useful_iters=145585 write_return_us=1626.6 total_duration_ms=839.981 overlap_efficiency=0.5342
  diag=s42-summary median_useful_iters=145827 median_overlap_efficiency=0.5351

=== [S43] Timer Wakeup Overshoot ===
  diag=S43 pre_section_stdout_drain_ms=64 drain_errors=0 last_errno=0
  s43-idle-wakeup n=50 errors=0 p50_ns=5849125 p95_ns=5858875 p99_ns=5858917 max_ns=5858917
  s43-loaded write_duration_ms=0 sample_duration_ms=291 drain_ms=63 drain_errors=0
  s43-loaded-wakeup n=50 errors=0 p50_ns=26548709 p95_ns=46520709 p99_ns=46521042 max_ns=46521042

=== [S40] TX Counter Proxy Summary ===
  telemetry_available=1 ioctl_rc=0
  counter=user-push user_calls=20 user_req=4325 user_acc=4325
  counter=ring-pop ring_pop_calls=4 ring_pop_bytes=4096
  counter=hw-send hw_send_calls=175208 hw_send_bytes=4096 hw_send_zero=174952 hw_send_max_chunk=16
  counter=no-progress no_progress_budget=255 slow_poll_exh=0 yield_exh=0
  counter=drain-state ring_empty=0 copier_active=0 staged_bytes=0 transmitter_empty=1
  proxy=derived bytes_per_user_call=216.2 bytes_per_ring_pop=1024.0 bytes_per_hw_send=0.023 zero_per_kb=43738.0 no_progress_per_kb=63.8

Done.
[starry-d1] benchmark exited with code: 0
[starry-d1] halting.

