# qemu-info-decisive.log — 决定性故障摘录（LOG=info 镜像，用户 2026-08-31 21:50 采集）
# 完整串口：/tmp/ms07-qemu-info.log (82098 B)；本文件仅收录判定所需决定性行。

[ 14.149937 0:16 axnet_ng::udp:358] UDP socket #0: bound on *:49152
[ 14.150852 0:16 starry_kernel::task::ops:200] Task(16, "ms07") exit with code: 256
MS07_RECOVERY_START
MS07_ENVIRONMENT: qemu-virt-riscv64-single-hart-virtio-mmio-user-net
MS07_CASE_START: pre_reset_traffic
DBG: read_v4=0 errno=0 lifecycle=2 current_valid=1 q=0 s=0 l=1 link=1 avail=64 dev=64 quar=0
DBG: wait_pre_reset iter=0 stable=0 link=1 avail=64 dev=64 quar=0
DBG: wait_pre_reset iter=1 wait_until_sample_fail errno=14
FAIL: pre_reset_traffic reason=wait_for_pre_reset
[ 14.152232 0:16 starry_kernel::task::signal:96] Send signal SIGCHLD to process 13
[ 14.152897 0:13 starry_kernel::syscall::task::wait:65] sys_waitpid <= pid: -1, options: WaitOptions(WUNTRACED)
[ 14.153339 0:13 starry_kernel::syscall::task::wait:65] sys_waitpid <= pid: -1, options: WaitOptions(WNOHANG | WUNTRACED)
MS07_HARNESS_EXIT: 1
# --- 网络/eth0 佐证（INFO 日志 idx 131-135）---
[  0.510023 0 axnet_ng:121] eth0:
[  0.510278 0 axnet_ng:122]   mac:  52-54-00-12-34-56
[  0.510527 0 axnet_ng:123]   ip:   10.0.2.15/24
[  0.511098 0 axnet_ng:132] Device: lo
[  0.511293 0 axnet_ng:132] Device: eth0
