ms05 probe decision tests: 22 passed
MS05 FAIL mode=tx-only reason=handshake
MS05 PRE lifecycle=2 owner=1 fault=0 lc_fault=0 owner_inv=0 hold=0 auto_rel=0 rx_occ=0 rx_full=0 tx_occ=0 tx_full=0 tx_enq=0 tx_deq=0 tx_submit=0 tx_again=0 tx_comp=0 tx_reclaim=0 buf_avail=64 buf_inflight=0 desc_avail=64 desc_inflight=0 live=0 queued=0 dev_owned=0 flush_ok=0 flush_err=0 flush_busy=0 flush_cancel=0 last_accepted=0
MS05 FAIL mode=slot-full reason=hold-control
MS05 PRE lifecycle=2 owner=1 fault=0 lc_fault=0 owner_inv=0 hold=0 auto_rel=0 rx_occ=0 rx_full=0 tx_occ=0 tx_full=0 tx_enq=0 tx_deq=0 tx_submit=0 tx_again=0 tx_comp=0 tx_reclaim=0 buf_avail=64 buf_inflight=0 desc_avail=64 desc_inflight=0 live=0 queued=0 dev_owned=0 flush_ok=0 flush_err=0 flush_busy=0 flush_cancel=0 last_accepted=0
MS05 FAIL mode=slot-full reason=MS05 HELD
MS05 PRE lifecycle=2 owner=1 fault=0 lc_fault=0 owner_inv=0 hold=0 auto_rel=0 rx_occ=0 rx_full=0 tx_occ=0 tx_full=0 tx_enq=0 tx_deq=0 tx_submit=0 tx_again=0 tx_comp=0 tx_reclaim=0 buf_avail=64 buf_inflight=0 desc_avail=64 desc_inflight=0 live=0 queued=0 dev_owned=0 flush_ok=0 flush_err=0 flush_busy=0 flush_cancel=0 last_accepted=0
MS05 FAIL mode=slot-full reason=MS05 HELD
MS05 PRE lifecycle=2 owner=1 fault=0 lc_fault=0 owner_inv=0 hold=0 auto_rel=0 rx_occ=0 rx_full=0 tx_occ=0 tx_full=0 tx_enq=0 tx_deq=0 tx_submit=0 tx_again=0 tx_comp=0 tx_reclaim=0 buf_avail=64 buf_inflight=0 desc_avail=64 desc_inflight=0 live=0 queued=0 dev_owned=0 flush_ok=0 flush_err=0 flush_busy=0 flush_cancel=0 last_accepted=0
MS05 HELD lifecycle=2 owner=1 fault=0 lc_fault=0 owner_inv=0 hold=0 auto_rel=0 rx_occ=0 rx_full=0 tx_occ=0 tx_full=0 tx_enq=0 tx_deq=0 tx_submit=0 tx_again=0 tx_comp=0 tx_reclaim=0 buf_avail=64 buf_inflight=0 desc_avail=64 desc_inflight=0 live=0 queued=0 dev_owned=0 flush_ok=0 flush_err=0 flush_busy=0 flush_cancel=0 last_accepted=0
MS05 FAIL mode=slot-full reason=clock
MS05 PRE lifecycle=2 owner=1 fault=0 lc_fault=0 owner_inv=0 hold=0 auto_rel=0 rx_occ=0 rx_full=0 tx_occ=0 tx_full=0 tx_enq=0 tx_deq=0 tx_submit=0 tx_again=0 tx_comp=0 tx_reclaim=0 buf_avail=64 buf_inflight=0 desc_avail=64 desc_inflight=0 live=0 queued=0 dev_owned=0 flush_ok=0 flush_err=0 flush_busy=0 flush_cancel=0 last_accepted=0
MS05 HELD lifecycle=2 owner=1 fault=0 lc_fault=0 owner_inv=0 hold=0 auto_rel=0 rx_occ=0 rx_full=0 tx_occ=0 tx_full=0 tx_enq=0 tx_deq=0 tx_submit=0 tx_again=0 tx_comp=0 tx_reclaim=0 buf_avail=64 buf_inflight=0 desc_avail=64 desc_inflight=0 live=0 queued=0 dev_owned=0 flush_ok=0 flush_err=0 flush_busy=0 flush_cancel=0 last_accepted=0
MS05 FAIL mode=slot-full reason=hold-mode
MS05 PRE lifecycle=2 owner=1 fault=0 lc_fault=0 owner_inv=0 hold=1 auto_rel=0 rx_occ=0 rx_full=0 tx_occ=0 tx_full=0 tx_enq=0 tx_deq=0 tx_submit=0 tx_again=0 tx_comp=0 tx_reclaim=0 buf_avail=64 buf_inflight=0 desc_avail=64 desc_inflight=0 live=0 queued=0 dev_owned=0 flush_ok=0 flush_err=0 flush_busy=0 flush_cancel=0 last_accepted=0
MS05 HELD lifecycle=2 owner=1 fault=0 lc_fault=0 owner_inv=0 hold=1 auto_rel=0 rx_occ=0 rx_full=0 tx_occ=0 tx_full=0 tx_enq=0 tx_deq=0 tx_submit=0 tx_again=0 tx_comp=0 tx_reclaim=0 buf_avail=64 buf_inflight=0 desc_avail=64 desc_inflight=0 live=0 queued=0 dev_owned=0 flush_ok=0 flush_err=0 flush_busy=0 flush_cancel=0 last_accepted=0
MS05 TIMEOUT mode=slot-full submit=0 again=0 comp=0 reclaim=0 buf_avail=64 buf_inflight=0 desc_avail=64 desc_inflight=0 slot_occ=0 live=0 dev_owned=0
MS05 FAIL mode=slot-full reason=full-deadline
MS05 PRE lifecycle=2 owner=1 fault=0 lc_fault=0 owner_inv=0 hold=0 auto_rel=0 rx_occ=0 rx_full=0 tx_occ=0 tx_full=0 tx_enq=0 tx_deq=0 tx_submit=0 tx_again=0 tx_comp=0 tx_reclaim=0 buf_avail=64 buf_inflight=0 desc_avail=64 desc_inflight=0 live=0 queued=0 dev_owned=0 flush_ok=0 flush_err=0 flush_busy=0 flush_cancel=0 last_accepted=0
MS05 FAIL mode=slot-full reason=hold-control
MS05 PRE lifecycle=2 owner=1 fault=0 lc_fault=0 owner_inv=0 hold=0 auto_rel=0 rx_occ=0 rx_full=0 tx_occ=0 tx_full=0 tx_enq=0 tx_deq=0 tx_submit=0 tx_again=0 tx_comp=0 tx_reclaim=0 buf_avail=64 buf_inflight=0 desc_avail=64 desc_inflight=0 live=0 queued=0 dev_owned=0 flush_ok=0 flush_err=0 flush_busy=0 flush_cancel=0 last_accepted=0
MS05 WARN mode=slot-full release-in-cleanup-failed
MS05 FAIL mode=slot-full reason=MS05 HELD
MS05 PRE lifecycle=2 owner=1 fault=0 lc_fault=0 owner_inv=0 hold=0 auto_rel=0 rx_occ=0 rx_full=0 tx_occ=0 tx_full=0 tx_enq=0 tx_deq=0 tx_submit=0 tx_again=0 tx_comp=0 tx_reclaim=0 buf_avail=64 buf_inflight=0 desc_avail=64 desc_inflight=0 live=0 queued=0 dev_owned=0 flush_ok=0 flush_err=0 flush_busy=0 flush_cancel=0 last_accepted=0
MS05 FAIL mode=flush reason=flush-ioctl
MS05 PRE lifecycle=2 owner=1 fault=0 lc_fault=0 owner_inv=0 hold=0 auto_rel=0 rx_occ=0 rx_full=0 tx_occ=0 tx_full=0 tx_enq=0 tx_deq=0 tx_submit=0 tx_again=0 tx_comp=0 tx_reclaim=0 buf_avail=64 buf_inflight=0 desc_avail=64 desc_inflight=0 live=0 queued=0 dev_owned=0 flush_ok=0 flush_err=0 flush_busy=0 flush_cancel=0 last_accepted=0
MS05 FAIL mode=flush reason=drain-deadline
MS05 PRE lifecycle=2 owner=1 fault=0 lc_fault=0 owner_inv=0 hold=0 auto_rel=0 rx_occ=0 rx_full=0 tx_occ=0 tx_full=0 tx_enq=0 tx_deq=0 tx_submit=0 tx_again=0 tx_comp=0 tx_reclaim=0 buf_avail=64 buf_inflight=0 desc_avail=64 desc_inflight=0 live=0 queued=0 dev_owned=0 flush_ok=0 flush_err=0 flush_busy=0 flush_cancel=0 last_accepted=0
MS05 FAIL mode=bidirectional reason=drain-deadline
MS05 PRE lifecycle=2 owner=1 fault=0 lc_fault=0 owner_inv=0 hold=0 auto_rel=0 rx_occ=0 rx_full=0 tx_occ=0 tx_full=0 tx_enq=0 tx_deq=0 tx_submit=0 tx_again=0 tx_comp=0 tx_reclaim=0 buf_avail=64 buf_inflight=0 desc_avail=64 desc_inflight=0 live=0 queued=0 dev_owned=0 flush_ok=0 flush_err=0 flush_busy=0 flush_cancel=0 last_accepted=0
MS05 FAIL mode=descriptor-full reason=MS05 HELD
MS05 PRE lifecycle=2 owner=1 fault=0 lc_fault=0 owner_inv=0 hold=0 auto_rel=0 rx_occ=0 rx_full=0 tx_occ=0 tx_full=0 tx_enq=0 tx_deq=0 tx_submit=0 tx_again=0 tx_comp=0 tx_reclaim=0 buf_avail=64 buf_inflight=0 desc_avail=64 desc_inflight=0 live=0 queued=0 dev_owned=0 flush_ok=0 flush_err=0 flush_busy=0 flush_cancel=0 last_accepted=0
MS05 POST lifecycle=2 owner=1 fault=0 lc_fault=0 owner_inv=0 hold=0 auto_rel=0 rx_occ=0 rx_full=0 tx_occ=0 tx_full=0 tx_enq=0 tx_deq=0 tx_submit=0 tx_again=0 tx_comp=0 tx_reclaim=0 buf_avail=64 buf_inflight=0 desc_avail=64 desc_inflight=0 live=0 queued=0 dev_owned=0 flush_ok=0 flush_err=0 flush_busy=0 flush_cancel=0 last_accepted=0
MS05 DELTA tx_submit=0 tx_again=0 tx_comp=0 tx_reclaim=0 tx_enq=0 tx_deq=0 buf_avail=64 buf_inflight=0 desc_avail=64 desc_inflight=0 live=0 flush_ok=0
MS05 PASS mode=snapshot
MS05 FAIL mode=tx-only reason=handshake
MS05 FAIL mode=tx-only reason=handshake
MS05 PRE lifecycle=2 owner=1 fault=0 lc_fault=0 owner_inv=0 hold=0 auto_rel=0 rx_occ=0 rx_full=0 tx_occ=0 tx_full=0 tx_enq=0 tx_deq=0 tx_submit=0 tx_again=0 tx_comp=0 tx_reclaim=0 buf_avail=64 buf_inflight=0 desc_avail=64 desc_inflight=0 live=0 queued=0 dev_owned=0 flush_ok=0 flush_err=0 flush_busy=0 flush_cancel=0 last_accepted=0
MS05 FAIL mode=tx-only reason=drain-deadline
MS05 PRE lifecycle=2 owner=1 fault=0 lc_fault=0 owner_inv=0 hold=0 auto_rel=0 rx_occ=0 rx_full=0 tx_occ=0 tx_full=0 tx_enq=0 tx_deq=0 tx_submit=0 tx_again=0 tx_comp=0 tx_reclaim=0 buf_avail=64 buf_inflight=0 desc_avail=64 desc_inflight=0 live=0 queued=0 dev_owned=0 flush_ok=0 flush_err=0 flush_busy=0 flush_cancel=0 last_accepted=0
MS05 FAIL mode=tx-only reason=drain-deadline
ms05 probe seam tests: 18 passed
ms05 probe seam tests: 5 done-parsing passed
